// Jest Snapshot v1, https://goo.gl/fbAQLP

exports[`should render Landing 1`] = `
<div>
  <p>
    welcome here with US
  </p>
</div>
`;
