// Jest Snapshot v1, https://goo.gl/fbAQLP

exports[`should render ExpenseList with expenses 1`] = `
<div>
  <h1>
    expenses ExpenseList
  </h1>
  <div
    className="section"
  >
    <Component
      amount={195}
      createdAt={0}
      description="Gum"
      id="1"
      key="1"
      note=""
    />
    <Component
      amount={109500}
      createdAt={-345600000}
      description="Rent"
      id="2"
      key="2"
      note=""
    />
    <Component
      amount={4500}
      createdAt={345600000}
      description="Credit Card"
      id="3"
      key="3"
      note=""
    />
  </div>
</div>
`;

exports[`should render ExpenseList with no expenses Pharase 1`] = `
<div>
  <h1>
    expenses ExpenseList
  </h1>
  <p>
    No expenses added or matching your filter
  </p>
</div>
`;
